// Jest Snapshot v1, https://goo.gl/fbAQLP

exports[`Offer page renders correctly 1`] = `
Array [
  <div
    style={
      Object {
        "display": "none",
      }
    }
  >
    <svg
      xmlns="http://www.w3.org/2000/svg"
    >
      <symbol
        id="icon-arrow-select"
        viewBox="0 0 7 4"
      >
        <path
          clipRule="evenodd"
          d="M0 0l3.5 2.813L7 0v1.084L3.5 4 0 1.084V0z"
          fillRule="evenodd"
        />
      </symbol>
      <symbol
        id="icon-bookmark"
        viewBox="0 0 17 18"
      >
        <path
          d="M3.993 2.185l.017-.092V2c0-.554.449-1 .99-1h10c.522 0 .957.41.997.923l-2.736 14.59-4.814-2.407-.39-.195-.408.153L1.31 16.44 3.993 2.185z"
        />
      </symbol>
      <symbol
        id="icon-star"
        viewBox="0 0 13 12"
      >
        <path
          clipRule="evenodd"
          d="M6.5 9.644L10.517 12 9.451 7.56 13 4.573l-4.674-.386L6.5 0 4.673 4.187 0 4.573 3.549 7.56 2.483 12 6.5 9.644z"
          fillRule="evenodd"
        />
      </symbol>
    </svg>
  </div>,
  <div
    className="page"
  >
    <header
      className="header"
    >
      <div
        className="container"
      >
        <div
          className="header__wrapper"
        >
          <div
            className="header__left"
          >
            <a
              aria-current={null}
              className="header__logo-link"
              href="/"
              onClick={[Function]}
            >
              <img
                alt="6 cities logo"
                className="header__logo"
                height="41"
                src="/img/logo.svg"
                width="81"
              />
            </a>
          </div>
          <nav
            className="header__nav"
          >
            <ul
              className="header__nav-list"
            >
              <li
                className="header__nav-item user"
              >
                <a
                  className="header__nav-link header__nav-link--profile"
                  href="/login"
                  onClick={[Function]}
                >
                  <div
                    className="header__avatar-wrapper user__avatar-wrapper"
                  />
                  <span
                    className="header__login"
                  >
                    Sign in
                  </span>
                </a>
              </li>
            </ul>
          </nav>
        </div>
      </div>
    </header>
    <main
      className="page__main page__main--property"
    >
      <section
        className="property"
      >
        <div
          className="property__gallery-container container"
        >
          <div
            className="property__gallery"
          >
            <div
              className="property__image-wrapper"
            >
              <img
                alt="Photo studio"
                className="property__image"
                src="/img/apartment-02.jpg"
              />
            </div>
            <div
              className="property__image-wrapper"
            >
              <img
                alt="Photo studio"
                className="property__image"
                src="/img/room.jpg"
              />
            </div>
            <div
              className="property__image-wrapper"
            >
              <img
                alt="Photo studio"
                className="property__image"
                src="/img/apartment-01.jpg"
              />
            </div>
            <div
              className="property__image-wrapper"
            >
              <img
                alt="Photo studio"
                className="property__image"
                src="/img/studio-01.jpg"
              />
            </div>
            <div
              className="property__image-wrapper"
            >
              <img
                alt="Photo studio"
                className="property__image"
                src="/img/apartment-03.jpg"
              />
            </div>
            <div
              className="property__image-wrapper"
            >
              <img
                alt="Photo studio"
                className="property__image"
                src="/img/apartment-01.jpg"
              />
            </div>
          </div>
        </div>
        <div
          className="property__container container"
        >
          <div
            className="property__wrapper"
          >
            <div
              className="property__mark"
            >
              <span>
                Premium
              </span>
            </div>
            <div
              className="property__name-wrapper"
            >
              <h1
                className="property__name"
              >
                Beautiful & luxurious apartment at great location
              </h1>
              <p
                className="place-card__type"
                style={
                  Object {
                    "fontSize": "16px",
                    "padding": "5px 0 15px",
                    "textAlign": "center",
                  }
                }
              >
                Apartment
              </p>
              <button
                className="property__bookmark-button button"
                onClick={[Function]}
                type="button"
              >
                <svg
                  className="property__bookmark-icon place-card__bookmark-icon"
                  height="33"
                  width="31"
                >
                  <use
                    xlinkHref="#icon-bookmark"
                  />
                </svg>
                <span
                  className="visually-hidden"
                >
                  To bookmarks
                </span>
              </button>
            </div>
            <div
              className="property__rating rating"
            >
              <div
                className="property__stars rating__stars"
              >
                <span
                  className="rating__gotten-stars"
                  style={
                    Object {
                      "width": "100%",
                    }
                  }
                />
                <span
                  className="visually-hidden"
                >
                  Rating
                </span>
              </div>
              <span
                className="property__rating-value rating__value"
              >
                5
              </span>
            </div>
            <ul
              className="property__features"
            >
              <li
                className="property__feature property__feature--entire"
              >
                Entire place
              </li>
              <li
                className="property__feature property__feature--bedrooms"
              >
                5
                 Bedrooms
              </li>
              <li
                className="property__feature property__feature--adults"
              >
                Max 
                3
                 adults
              </li>
            </ul>
            <div
              className="property__price"
            >
              <b
                className="property__price-value"
              >
                €
                120
              </b>
              <span
                className="property__price-text"
              >
                 night
              </span>
            </div>
            <div
              className="property__inside"
            >
              <h2
                className="property__inside-title"
              >
                What's inside
              </h2>
              <ul
                className="property__inside-list"
              >
                <li
                  className="property__inside-item"
                >
                  Washer
                </li>
                <li
                  className="property__inside-item"
                >
                  Laptop friendly workspace
                </li>
                <li
                  className="property__inside-item"
                >
                  Breakfast
                </li>
                <li
                  className="property__inside-item"
                >
                  Dishwasher
                </li>
                <li
                  className="property__inside-item"
                >
                  Fridge
                </li>
                <li
                  className="property__inside-item"
                >
                  Air conditioning
                </li>
                <li
                  className="property__inside-item"
                >
                  Baby seat
                </li>
                <li
                  className="property__inside-item"
                >
                  Towels
                </li>
                <li
                  className="property__inside-item"
                >
                  Coffee machine
                </li>
              </ul>
            </div>
            <div
              className="property__host"
            >
              <h2
                className="property__host-title"
              >
                Meet the host
              </h2>
              <div
                className="property__host-user user"
              >
                <div
                  className="property__avatar-wrapper property__avatar-wrapper--pro user__avatar-wrapper"
                >
                  <img
                    alt="Host avatar"
                    className="property__avatar user__avatar"
                    height="74"
                    src="/img/avatar-angelina.jpg"
                    width="74"
                  />
                </div>
                <span
                  className="property__user-name"
                >
                  Angelina
                </span>
                <span
                  className="property__user-status"
                >
                  Pro
                </span>
              </div>
              <div
                className="property__description"
              >
                <p
                  className="property__text"
                >
                  Peaceful studio in the most wanted area in town. Quiet house Near of everything. Completely renovated. Lovely neighbourhood, lot of trendy shops, restaurants and bars in a walking distance.
                </p>
              </div>
            </div>
            <section
              className="property__reviews reviews"
            >
              <h2
                className="reviews__title"
              >
                Reviews ·
                <span
                  className="reviews__amount"
                >
                  1
                </span>
              </h2>
              <ul
                className="reviews__list"
              >
                <li
                  className="reviews__item"
                >
                  <div
                    className="reviews__user user"
                  >
                    <div
                      className="reviews__avatar-wrapper user__avatar-wrapper"
                    >
                      <img
                        alt="Reviews avatar"
                        className="reviews__avatar user__avatar"
                        height="54"
                        src="/img/avatar-alex.jpg"
                        width="54"
                      />
                    </div>
                    <span
                      className="reviews__user-name"
                    >
                      Alex
                    </span>
                  </div>
                  <div
                    className="reviews__info"
                  >
                    <div
                      className="reviews__rating rating"
                    >
                      <div
                        className="reviews__stars rating__stars"
                      >
                        <span
                          style={
                            Object {
                              "width": "80%",
                            }
                          }
                        />
                        <span
                          className="visually-hidden"
                        >
                          Rating
                        </span>
                      </div>
                    </div>
                    <p
                      className="reviews__text"
                    >
                      Greate place
                    </p>
                    <time
                      className="reviews__time"
                      dateTime="2019-10-31"
                    >
                      October 2019
                    </time>
                  </div>
                </li>
              </ul>
              <form
                action="#"
                className="reviews__form form"
                method="post"
              >
                <label
                  className="reviews__label form__label"
                  htmlFor="review"
                >
                  Your review
                </label>
                <div
                  className="reviews__rating-form form__rating"
                >
                  <input
                    className="form__rating-input visually-hidden"
                    id="5-stars"
                    name="rating"
                    type="radio"
                    value="5"
                  />
                  <label
                    className="reviews__rating-label form__rating-label"
                    htmlFor="5-stars"
                    title="perfect"
                  >
                    <svg
                      className="form__star-image"
                      height="33"
                      width="37"
                    >
                      <use
                        xlinkHref="#icon-star"
                      />
                    </svg>
                  </label>
                  <input
                    className="form__rating-input visually-hidden"
                    id="4-stars"
                    name="rating"
                    type="radio"
                    value="4"
                  />
                  <label
                    className="reviews__rating-label form__rating-label"
                    htmlFor="4-stars"
                    title="good"
                  >
                    <svg
                      className="form__star-image"
                      height="33"
                      width="37"
                    >
                      <use
                        xlinkHref="#icon-star"
                      />
                    </svg>
                  </label>
                  <input
                    className="form__rating-input visually-hidden"
                    id="3-stars"
                    name="rating"
                    type="radio"
                    value="3"
                  />
                  <label
                    className="reviews__rating-label form__rating-label"
                    htmlFor="3-stars"
                    title="not bad"
                  >
                    <svg
                      className="form__star-image"
                      height="33"
                      width="37"
                    >
                      <use
                        xlinkHref="#icon-star"
                      />
                    </svg>
                  </label>
                  <input
                    className="form__rating-input visually-hidden"
                    id="2-stars"
                    name="rating"
                    type="radio"
                    value="2"
                  />
                  <label
                    className="reviews__rating-label form__rating-label"
                    htmlFor="2-stars"
                    title="badly"
                  >
                    <svg
                      className="form__star-image"
                      height="33"
                      width="37"
                    >
                      <use
                        xlinkHref="#icon-star"
                      />
                    </svg>
                  </label>
                  <input
                    className="form__rating-input visually-hidden"
                    id="1-star"
                    name="rating"
                    type="radio"
                    value="1"
                  />
                  <label
                    className="reviews__rating-label form__rating-label"
                    htmlFor="1-star"
                    title="terribly"
                  >
                    <svg
                      className="form__star-image"
                      height="33"
                      width="37"
                    >
                      <use
                        xlinkHref="#icon-star"
                      />
                    </svg>
                  </label>
                </div>
                <textarea
                  className="reviews__textarea form__textarea"
                  id="review"
                  name="review"
                  placeholder="Tell how was your stay, what you like and what can be improved"
                />
                <div
                  className="reviews__button-wrapper"
                >
                  <p
                    className="reviews__help"
                  >
                    To submit review please make sure to set
                    <span
                      className="reviews__star"
                    >
                      rating
                    </span>
                    and describe your stay with at least
                    <b
                      className="reviews__text-amount"
                    >
                      50 characters
                    </b>
                    .
                  </p>
                  <button
                    className="reviews__submit form__submit button"
                    disabled=""
                    type="submit"
                  >
                    Submit
                  </button>
                </div>
              </form>
            </section>
          </div>
        </div>
        <div
          className="container"
          style={
            Object {
              "paddingLeft": "initial",
              "paddingRight": "initial",
            }
          }
        >
          <section
            className="property__map map"
          >
            <div
              id="map"
              style={
                Object {
                  "height": "100%",
                }
              }
            />
          </section>
        </div>
      </section>
      <div
        className="container"
      >
        <section
          className="near-places places"
        >
          <h2
            className="near-places__title"
          >
            Other places in the neighbourhood
          </h2>
          <div
            className="places__list near-places__list"
          >
            <article
              className="place-card near-places__card"
              onMouseEnter={[Function]}
              onMouseLeave={[Function]}
            >
              <div
                className="place-card__image-wrapper near-places__image-wrapper"
              >
                <a
                  href="/offer/2"
                  onClick={[Function]}
                >
                  <img
                    alt="Place image"
                    className="place-card__image"
                    height={200}
                    src="/img/room.jpg"
                    width={260}
                  />
                </a>
              </div>
              <div
                className="place-card__info"
              >
                <div
                  className="place-card__price-wrapper"
                >
                  <div
                    className="place-card__price"
                  >
                    <b
                      className="place-card__price-value"
                    >
                      €
                      80
                    </b>
                    <span
                      className="place-card__price-text"
                    >
                      / night
                    </span>
                  </div>
                  <button
                    className="place-card__bookmark-button button"
                    onClick={[Function]}
                    type="button"
                  >
                    <svg
                      className="place-card__bookmark-icon"
                      height="19"
                      width="18"
                    >
                      <use
                        xlinkHref="#icon-bookmark"
                      />
                    </svg>
                    <span
                      className="visually-hidden"
                    >
                      To bookmarks
                    </span>
                  </button>
                </div>
                <div
                  className="place-card__rating rating"
                >
                  <div
                    className="place-card__stars rating__stars"
                  >
                    <span
                      style={
                        Object {
                          "width": "80%",
                        }
                      }
                    />
                    <span
                      className="visually-hidden"
                    >
                      Rating
                    </span>
                  </div>
                </div>
                <h2
                  className="place-card__name"
                >
                  <a
                    href="/offer/2"
                    onClick={[Function]}
                  >
                    Wood and stone place
                  </a>
                </h2>
                <p
                  className="place-card__type"
                >
                  Apartment
                </p>
              </div>
            </article>
          </div>
        </section>
      </div>
    </main>
  </div>,
]
`;

exports[`Offer page with wrong offer id renders correctly 1`] = `
Array [
  <div
    style={
      Object {
        "display": "none",
      }
    }
  >
    <svg
      xmlns="http://www.w3.org/2000/svg"
    >
      <symbol
        id="icon-arrow-select"
        viewBox="0 0 7 4"
      >
        <path
          clipRule="evenodd"
          d="M0 0l3.5 2.813L7 0v1.084L3.5 4 0 1.084V0z"
          fillRule="evenodd"
        />
      </symbol>
      <symbol
        id="icon-bookmark"
        viewBox="0 0 17 18"
      >
        <path
          d="M3.993 2.185l.017-.092V2c0-.554.449-1 .99-1h10c.522 0 .957.41.997.923l-2.736 14.59-4.814-2.407-.39-.195-.408.153L1.31 16.44 3.993 2.185z"
        />
      </symbol>
      <symbol
        id="icon-star"
        viewBox="0 0 13 12"
      >
        <path
          clipRule="evenodd"
          d="M6.5 9.644L10.517 12 9.451 7.56 13 4.573l-4.674-.386L6.5 0 4.673 4.187 0 4.573 3.549 7.56 2.483 12 6.5 9.644z"
          fillRule="evenodd"
        />
      </symbol>
    </svg>
  </div>,
  <div
    className="page page--gray page--main"
  >
    <header
      className="header"
    >
      <div
        className="container"
      >
        <div
          className="header__wrapper"
        >
          <div
            className="header__left"
          >
            <a
              aria-current={null}
              className="header__logo-link"
              href="/"
              onClick={[Function]}
            >
              <img
                alt="6 cities logo"
                className="header__logo"
                height="41"
                src="/img/logo.svg"
                width="81"
              />
            </a>
          </div>
          <nav
            className="header__nav"
          >
            <ul
              className="header__nav-list"
            >
              <li
                className="header__nav-item user"
              >
                <a
                  className="header__nav-link header__nav-link--profile"
                  href="/login"
                  onClick={[Function]}
                >
                  <div
                    className="header__avatar-wrapper user__avatar-wrapper"
                  />
                  <span
                    className="header__login"
                  >
                    Sign in
                  </span>
                </a>
              </li>
            </ul>
          </nav>
        </div>
      </div>
    </header>
    <main
      className="page__main page__main--index page__main--index-empty"
    >
      <h1
        className="visually-hidden"
      >
        Error page
      </h1>
      <div
        className="cities"
      >
        <div
          className="cities__places-container cities__places-container--empty container"
        >
          <section
            className="cities__no-places"
          >
            <div
              className="cities__status-wrapper tabs__content"
            >
              <b
                className="cities__status"
              >
                404
              </b>
              <p
                className="cities__status-description"
              >
                Page not found
              </p>
            </div>
          </section>
          <div
            className="cities__right-section"
          />
        </div>
      </div>
    </main>
  </div>,
]
`;
