// Jest Snapshot v1, https://goo.gl/fbAQLP

exports[`PropertyMarks should renders correct 1`] = `
<div
  className="property__mark"
>
  <span>
    Premium
  </span>
</div>
`;
