// Jest Snapshot v1, https://goo.gl/fbAQLP

exports[`PlacesFound renders correctly 1`] = `
<b
  className="places__found"
>
  5
   places to stay in 
  Moscow
</b>
`;
