// Jest Snapshot v1, https://goo.gl/fbAQLP

exports[`ReviewsList component renders correctly after restart 1`] = `
<ul
  className="reviews__list"
>
  <li
    className="reviews__item"
  >
    <div
      className="reviews__user user"
    >
      <div
        className="reviews__avatar-wrapper user__avatar-wrapper"
      >
        <img
          alt="Reviews avatar"
          className="reviews__avatar user__avatar"
          height="54"
          src="/img/avatar-angelina.jpg"
          width="54"
        />
      </div>
      <span
        className="reviews__user-name"
      >
        Emely
      </span>
    </div>
    <div
      className="reviews__info"
    >
      <div
        className="reviews__rating rating"
      >
        <div
          className="reviews__stars rating__stars"
        >
          <span
            style={
              Object {
                "width": "80%",
              }
            }
          />
          <span
            className="visually-hidden"
          >
            Rating
          </span>
        </div>
      </div>
      <p
        className="reviews__text"
      >
        What an amazing view! The house is stunning and in an amazing location. The large glass wall had an amazing view of the river!
      </p>
      <time
        className="reviews__time"
        dateTime="2019-11-20"
      >
        November 2019
      </time>
    </div>
  </li>
</ul>
`;
